08:24:27.363 detox[24988] [90mi[39m Detected a deprecated "runnerConfig" property (string).
08:24:27.364 detox[24988] [90mi[39m Detected a deprecated "testRunner" property (string).
08:24:27.364 detox[24988] [90mi[39m Please migrate your Detox config according to the guide:
https://wix.github.io/Detox/docs/guide/migration

08:24:27.369 detox[24988] [90mB[39m node_modules\detox\local-cli\cli.js test --configuration android.emu.debug --debug-synchronization
  data: {
    "id": "ffc958d3-b0c2-d734-d7b1-92b828541cc9",
    "detoxConfig": {
      "configurationName": "android.emu.debug",
      "apps": {
        "default": {
          "type": "android.apk",
          "binaryPath": "android/app/build/outputs/apk/debug/app-debug.apk"
        }
      },
      "artifacts": {
        "rootDir": "artifacts\\detox\\android.emu.debug.2026-01-04 07-24-27Z",
        "plugins": {
          "log": {
            "enabled": true,
            "keepOnlyFailedTestsArtifacts": false
          },
          "screenshot": {
            "shouldTakeAutomaticSnapshots": false,
            "shouldTakeWhen": "manual",
            "enabled": true,
            "keepOnlyFailedTestsArtifacts": false
          },
          "video": {
            "enabled": false,
            "keepOnlyFailedTestsArtifacts": false
          },
          "instruments": {
            "enabled": false,
            "keepOnlyFailedTestsArtifacts": false
          },
          "uiHierarchy": {
            "enabled": false,
            "keepOnlyFailedTestsArtifacts": false
          }
        }
      },
      "behavior": {
        "init": {
          "keepLockFile": false,
          "reinstallApp": true,
          "exposeGlobals": true
        },
        "cleanup": {
          "shutdownDevice": false
        },
        "launchApp": "auto"
      },
      "cli": {
        "configuration": "android.emu.debug",
        "debugSynchronization": 3000,
        "start": true
      },
      "commands": [
        {
          "build": "cd android && gradlew.bat assembleDebug"
        }
      ],
      "device": {
        "type": "android.emulator",
        "avdName": "Pixel_7_API_34"
      },
      "logger": {
        "level": "info",
        "overrideConsole": true,
        "options": {
          "showLoggerName": true,
          "showPid": true,
          "showLevel": false,
          "showMetadata": false,
          "basepath": "C:\\Users\\jens.kretschmer\\dev\\BackFlow\\node_modules\\detox\\src",
          "prefixers": {},
          "stringifiers": {}
        }
      },
      "testRunner": {
        "retries": 0,
        "forwardEnv": false,
        "detached": false,
        "bail": false,
        "noRetryArgs": [
          "shard"
        ],
        "jest": {
          "setupTimeout": 300000,
          "teardownTimeout": 30000,
          "retryAfterCircusRetries": false,
          "reportWorkerAssign": true
        },
        "args": {
          "$0": "jest-circus/runner",
          "_": [],
          "config": "e2e/jest.config.js",
          "--": []
        }
      },
      "session": {
        "autoStart": true,
        "debugSynchronization": 3000
      }
    },
    "detoxIPCServer": "primary-24988",
    "testResults": [],
    "testSessionIndex": 0,
    "workersCount": 0
  }
08:24:27.390 detox[24988] [90mi[39m Server path not specified, so defaulting to ipc.config.socketRoot + ipc.config.appspace + ipc.config.id /tmp/detox.primary-24988
08:24:27.392 detox[24988] [90mi[39m starting server on  /tmp/detox.primary-24988 
08:24:27.392 detox[24988] [90mi[39m starting TLS server false
08:24:27.392 detox[24988] [90mi[39m starting server as Unix || Windows Socket
08:24:27.395 detox[24988] [90mi[39m Detox server listening on localhost:53021...
08:24:27.398 detox[24988] [90mi[39m Serialized the session state at: C:\Users\JENS~1.KRE\AppData\Local\Temp\ffc958d3-b0c2-d734-d7b1-92b828541cc9.detox.json
08:24:27.399 detox[24988] [90mB[39m jest-circus/runner --config e2e/jest.config.js
08:24:27.416 detox[24988] [90mi[39m (node:24988) [DEP0190] DeprecationWarning: Passing args to a child process with shell option true can lead to security vulnerabilities, as the arguments are not escaped, only concatenated.
(Use `node --trace-deprecation ...` to show where the warning was created)
08:24:27.425 detox[24988] [90mE[39m Command failed with exit code = 1:
jest-circus/runner --config e2e/jest.config.js
08:24:27.427 detox[24988] [90mi[39m Detox server has been closed gracefully
08:24:27.428 detox[24988] [90mE[39m node_modules\detox\local-cli\cli.js test --configuration android.emu.debug --debug-synchronization
